
> frontend@0.0.0 build
> tsc -b && vite build

src/App.tsx(8,1): error TS6133: 'StudentDashboard' is declared but its value is never read.
src/pages/school-admin/QuestionBankDetails.tsx(24,11): error TS6133: 'gradeName' is declared but its value is never read.
src/pages/school-admin/TeacherClasses.tsx(104,11): error TS6133: 'availableClasses' is declared but its value is never read.
src/pages/school-admin/TeacherClasses.tsx(104,52): error TS2339: Property 'grade_id' does not exist on type 'Option'.
src/pages/school-admin/TeacherClasses.tsx(207,100): error TS2339: Property 'code' does not exist on type 'Option'.
src/pages/school-admin/TeacherClasses.tsx(207,113): error TS2339: Property 'code' does not exist on type 'Option'.
src/pages/school-admin/TeachersList.tsx(25,12): error TS6133: 'newSubject' is declared but its value is never read.
src/pages/school-admin/TeachersList.tsx(28,12): error TS6133: 'isGradeModalOpen' is declared but its value is never read.
src/pages/school-admin/TeachersList.tsx(28,30): error TS6133: 'setIsGradeModalOpen' is declared but its value is never read.
src/pages/school-admin/TeachersList.tsx(85,27): error TS6133: 'id' is declared but its value is never read.
src/pages/super-admin/Schools.tsx(146,33): error TS6133: 'id' is declared but its value is never read.
src/pages/super-admin/UserManagement.tsx(131,77): error TS6133: 'isStudent' is declared but its value is never read.
src/pages/super-admin/UserManagement.tsx(146,19): error TS6133: 'updateList' is declared but its value is never read.
src/pages/teacher/StudentGrading.tsx(55,12): error TS6133: 'loadingDetail' is declared but its value is never read.
